Flutter crash report.
Please report a bug at https://github.com/flutter/flutter/issues.

## command

flutter gen-l10n

## exception

PathNotFoundException: PathNotFoundException: Cannot open file, path = 'C:\Users\FKodat\pharmed\packages\pharmed_ui\lib\l10n\untranslated_en.json' (OS Error: Sistem belirtilen yolu bulamıyor, errno = 3)

```
#0      _File.throwIfError (dart:io/file_impl.dart:783:7)
#1      _File.openSync (dart:io/file_impl.dart:576:5)
#2      _File.writeAsBytesSync (dart:io/file_impl.dart:748:31)
#3      _File.writeAsStringSync (dart:io/file_impl.dart:776:5)
#4      ForwardingFile.writeAsStringSync (package:file/src/forwarding/forwarding_file.dart:150:16)
#5      ErrorHandlingFile.writeAsStringSync.<anonymous closure> (package:flutter_tools/src/base/error_handling_io.dart:254:22)
#6      _runSync (package:flutter_tools/src/base/error_handling_io.dart:552:14)
#7      ErrorHandlingFile.writeAsStringSync (package:flutter_tools/src/base/error_handling_io.dart:253:5)
#8      LocalizationsGenerator._generateUntranslatedMessagesFile (package:flutter_tools/src/localizations/gen_l10n.dart:1494:32)
#9      LocalizationsGenerator.writeOutputFiles (package:flutter_tools/src/localizations/gen_l10n.dart:1447:7)
#10     generateLocalizations (package:flutter_tools/src/localizations/gen_l10n.dart:79:13)
#11     GenerateLocalizationsCommand.runCommand (package:flutter_tools/src/commands/generate_localizations.dart:263:11)
#12     FlutterCommand.verifyThenRunCommand (package:flutter_tools/src/runner/flutter_command.dart:1885:12)
<asynchronous suspension>
#13     FlutterCommand.run.<anonymous closure> (package:flutter_tools/src/runner/flutter_command.dart:1559:27)
<asynchronous suspension>
#14     AppContext.run.<anonymous closure> (package:flutter_tools/src/base/context.dart:154:19)
<asynchronous suspension>
#15     CommandRunner.runCommand (package:args/command_runner.dart:212:13)
<asynchronous suspension>
#16     FlutterCommandRunner.runCommand.<anonymous closure> (package:flutter_tools/src/runner/flutter_command_runner.dart:487:9)
<asynchronous suspension>
#17     AppContext.run.<anonymous closure> (package:flutter_tools/src/base/context.dart:154:19)
<asynchronous suspension>
#18     FlutterCommandRunner.runCommand (package:flutter_tools/src/runner/flutter_command_runner.dart:422:5)
<asynchronous suspension>
#19     run.<anonymous closure>.<anonymous closure> (package:flutter_tools/runner.dart:104:11)
<asynchronous suspension>
#20     AppContext.run.<anonymous closure> (package:flutter_tools/src/base/context.dart:154:19)
<asynchronous suspension>
#21     main (package:flutter_tools/executable.dart:103:3)
<asynchronous suspension>
```

## flutter doctor

```
[32m[✓][39m Flutter (Channel stable, 3.38.6, on Microsoft Windows [Version 10.0.26200.8246], locale tr-TR) [404ms]
    [32m•[39m Flutter version 3.38.6 on channel stable at C:\Development\flutter
    [32m•[39m Upstream repository https://github.com/flutter/flutter.git
    [32m•[39m Framework revision 8b87286849 (4 months ago), 2026-01-08 10:49:17 -0800
    [32m•[39m Engine revision 78fc3012e4
    [32m•[39m Dart version 3.10.7
    [32m•[39m DevTools version 2.51.1
    [32m•[39m Feature flags: enable-web, enable-linux-desktop, enable-macos-desktop, enable-windows-desktop, enable-android, enable-ios, cli-animations, enable-native-assets,
      omit-legacy-version-file, enable-lldb-debugging

[32m[✓][39m Windows Version (11 Home 64-bit, 25H2, 2009) [1.540ms]

[33m[!][39m Android toolchain - develop for Android devices (Android SDK version 36.1.0) [2,4s]
    [32m•[39m Android SDK at C:\Users\FKodat\AppData\Local\Android\sdk
    [32m•[39m Emulator version 36.2.12.0 (build_id 14214601) (CL:N/A)
    [31m✗[39m cmdline-tools component is missing.
      Try installing or updating Android Studio.
      Alternatively, download the tools from https://developer.android.com/studio#command-line-tools-only and make sure to set the ANDROID_HOME environment variable.
      See https://developer.android.com/studio/command-line for more details.
    [31m✗[39m Android license status unknown.
      Run `flutter doctor --android-licenses` to accept the SDK licenses.
      See https://flutter.dev/to/windows-android-setup for more details.

[32m[✓][39m Chrome - develop for the web [149ms]
    [32m•[39m Chrome at C:\Program Files\Google\Chrome\Application\chrome.exe

[32m[✓][39m Visual Studio - develop Windows apps (Visual Studio Community 2026 18.1.1) [148ms]
    [32m•[39m Visual Studio at C:\Program Files\Microsoft Visual Studio\18\Community
    [32m•[39m Visual Studio Community 2026 version 18.1.11312.151
    [32m•[39m Windows 10 SDK version 10.0.26100.0

[32m[✓][39m Connected device (3 available) [196ms]
    [32m•[39m Windows (desktop) • windows • windows-x64    • Microsoft Windows [Version 10.0.26200.8246]
    [32m•[39m Chrome (web)      • chrome  • web-javascript • Google Chrome 147.0.7727.138
    [32m•[39m Edge (web)        • edge    • web-javascript • Microsoft Edge 147.0.3912.98

[32m[✓][39m Network resources [382ms]
    [32m•[39m All expected network resources are available.

[33m![39m Doctor found issues in 1 category.
```
